// Jest Snapshot v1, https://goo.gl/fbAQLP

exports[`<AlertList /> renders according to snapshot 1`] = `
ShallowWrapper {
  Symbol(enzyme.__root__): [Circular],
  Symbol(enzyme.__unrendered__): <AlertList
    alerts={
      Array [
        Object {
          "level": "warning",
          "message": "Sign out successful",
          "scope": "application",
          "timestamp": 1529324313949,
        },
        Object {
          "level": "danger",
          "message": "Cylons are among us",
          "scope": "battlestar",
          "timestamp": 1529324313939,
        },
      ]
    }
    scope="application"
  />,
  Symbol(enzyme.__renderer__): Object {
    "batchedUpdates": [Function],
    "getNode": [Function],
    "render": [Function],
    "simulateError": [Function],
    "simulateEvent": [Function],
    "unmount": [Function],
  },
  Symbol(enzyme.__node__): Object {
    "instance": null,
    "key": undefined,
    "nodeType": "host",
    "props": Object {
      "children": Array [
        <div
          className="alert alert-warning"
          style={
            Object {
              "backgroundColor": "#f2dede",
              "border": "1px solid transparent",
              "borderColor": "#ebccd1",
              "borderRadius": "4px",
              "color": "#a94442",
              "marginBottom": "20px",
              "padding": "15px",
            }
          }
        >
          Sign out successful
        </div>,
        false,
      ],
      "className": "alert_list_application",
    },
    "ref": null,
    "rendered": Array [
      Object {
        "instance": null,
        "key": "1529324313949",
        "nodeType": "host",
        "props": Object {
          "children": "Sign out successful",
          "className": "alert alert-warning",
          "style": Object {
            "backgroundColor": "#f2dede",
            "border": "1px solid transparent",
            "borderColor": "#ebccd1",
            "borderRadius": "4px",
            "color": "#a94442",
            "marginBottom": "20px",
            "padding": "15px",
          },
        },
        "ref": null,
        "rendered": "Sign out successful",
        "type": "div",
      },
      false,
    ],
    "type": "div",
  },
  Symbol(enzyme.__nodes__): Array [
    Object {
      "instance": null,
      "key": undefined,
      "nodeType": "host",
      "props": Object {
        "children": Array [
          <div
            className="alert alert-warning"
            style={
              Object {
                "backgroundColor": "#f2dede",
                "border": "1px solid transparent",
                "borderColor": "#ebccd1",
                "borderRadius": "4px",
                "color": "#a94442",
                "marginBottom": "20px",
                "padding": "15px",
              }
            }
          >
            Sign out successful
          </div>,
          false,
        ],
        "className": "alert_list_application",
      },
      "ref": null,
      "rendered": Array [
        Object {
          "instance": null,
          "key": "1529324313949",
          "nodeType": "host",
          "props": Object {
            "children": "Sign out successful",
            "className": "alert alert-warning",
            "style": Object {
              "backgroundColor": "#f2dede",
              "border": "1px solid transparent",
              "borderColor": "#ebccd1",
              "borderRadius": "4px",
              "color": "#a94442",
              "marginBottom": "20px",
              "padding": "15px",
            },
          },
          "ref": null,
          "rendered": "Sign out successful",
          "type": "div",
        },
        false,
      ],
      "type": "div",
    },
  ],
  Symbol(enzyme.__options__): Object {
    "adapter": ReactSixteenAdapter {
      "options": Object {
        "enableComponentDidUpdateOnSetState": true,
        "lifecycles": Object {
          "componentDidUpdate": Object {
            "onSetState": true,
          },
          "getDerivedStateFromProps": true,
          "getSnapshotBeforeUpdate": true,
          "setState": Object {
            "skipsComponentDidUpdateOnNullish": true,
          },
        },
      },
    },
  },
}
`;
